DEBUG - 2026-07-25 04:09:04 --> Session: Class initialized using 'CodeIgniter\Session\Handlers\FileHandler' driver.
DEBUG - 2026-07-25 04:09:09 --> Session: Class initialized using 'CodeIgniter\Session\Handlers\FileHandler' driver.
DEBUG - 2026-07-25 04:09:10 --> Session: Class initialized using 'CodeIgniter\Session\Handlers\FileHandler' driver.
DEBUG - 2026-07-25 04:10:25 --> Session: Class initialized using 'CodeIgniter\Session\Handlers\FileHandler' driver.
DEBUG - 2026-07-25 04:10:29 --> Session: Class initialized using 'CodeIgniter\Session\Handlers\FileHandler' driver.
DEBUG - 2026-07-25 04:10:29 --> Session: Class initialized using 'CodeIgniter\Session\Handlers\FileHandler' driver.
DEBUG - 2026-07-25 04:10:57 --> Session: Class initialized using 'CodeIgniter\Session\Handlers\FileHandler' driver.
DEBUG - 2026-07-25 04:11:01 --> Session: Class initialized using 'CodeIgniter\Session\Handlers\FileHandler' driver.
CRITICAL - 2026-07-25 04:11:01 --> CodeIgniter\Filters\Exceptions\FilterException: "auth" filter must have a matching alias defined.
[Method: GET, Route: dashboard]
in SYSTEMPATH\Filters\Filters.php on line 590.
 1 SYSTEMPATH\Filters\Filters.php(590): CodeIgniter\Filters\Exceptions\FilterException::forNoAlias('auth')
 2 SYSTEMPATH\Filters\Filters.php(641): CodeIgniter\Filters\Filters->enableFilter('auth', 'before')
 3 SYSTEMPATH\CodeIgniter.php(467): CodeIgniter\Filters\Filters->enableFilters([...], 'before')
 4 SYSTEMPATH\CodeIgniter.php(354): CodeIgniter\CodeIgniter->handleRequest(null, Object(Config\Cache), false)
 5 SYSTEMPATH\Boot.php(363): CodeIgniter\CodeIgniter->run()
 6 SYSTEMPATH\Boot.php(68): CodeIgniter\Boot::runCodeIgniter(Object(CodeIgniter\CodeIgniter))
 7 FCPATH\index.php(59): CodeIgniter\Boot::bootWeb(Object(Config\Paths))
 8 SYSTEMPATH\rewrite.php(44): require_once('C:\\Users\\Richard Miculob\\Documents\\Payroll PMS\\public\\index.php')
DEBUG - 2026-07-25 04:12:27 --> Session: Class initialized using 'CodeIgniter\Session\Handlers\FileHandler' driver.
DEBUG - 2026-07-25 04:13:07 --> Session: Class initialized using 'CodeIgniter\Session\Handlers\FileHandler' driver.
DEBUG - 2026-07-25 04:13:08 --> Session: Class initialized using 'CodeIgniter\Session\Handlers\FileHandler' driver.
CRITICAL - 2026-07-25 04:13:09 --> ErrorException: Undefined variable $offices
[Method: GET, Route: payroll]
in APPPATH\Views\payroll\index.php on line 20.
 1 APPPATH\Views\payroll\index.php(20): CodeIgniter\Debug\Exceptions->errorHandler(2, 'Undefined variable $offices', 'C:\\Users\\Richard Miculob\\Documents\\Payroll PMS\\app\\Views\\payroll\\index.php', 20)
 2 SYSTEMPATH\View\View.php(226): include('C:\\Users\\Richard Miculob\\Documents\\Payroll PMS\\app\\Views\\payroll\\index.php')
 3 SYSTEMPATH\View\View.php(229): CodeIgniter\View\View->CodeIgniter\View\{closure}()
 4 SYSTEMPATH\Common.php(1167): CodeIgniter\View\View->render('payroll/index', [], true)
 5 APPPATH\Controllers\Payroll.php(20): view('payroll/index', [...])
 6 SYSTEMPATH\CodeIgniter.php(933): App\Controllers\Payroll->index()
 7 SYSTEMPATH\CodeIgniter.php(507): CodeIgniter\CodeIgniter->runController(Object(App\Controllers\Payroll))
 8 SYSTEMPATH\CodeIgniter.php(354): CodeIgniter\CodeIgniter->handleRequest(null, Object(Config\Cache), false)
 9 SYSTEMPATH\Boot.php(363): CodeIgniter\CodeIgniter->run()
10 SYSTEMPATH\Boot.php(68): CodeIgniter\Boot::runCodeIgniter(Object(CodeIgniter\CodeIgniter))
11 FCPATH\index.php(59): CodeIgniter\Boot::bootWeb(Object(Config\Paths))
12 SYSTEMPATH\rewrite.php(44): require_once('C:\\Users\\Richard Miculob\\Documents\\Payroll PMS\\public\\index.php')
DEBUG - 2026-07-25 04:13:13 --> Session: Class initialized using 'CodeIgniter\Session\Handlers\FileHandler' driver.
CRITICAL - 2026-07-25 04:13:13 --> ErrorException: Undefined variable $offices
[Method: GET, Route: payroll]
in APPPATH\Views\payroll\index.php on line 20.
 1 APPPATH\Views\payroll\index.php(20): CodeIgniter\Debug\Exceptions->errorHandler(2, 'Undefined variable $offices', 'C:\\Users\\Richard Miculob\\Documents\\Payroll PMS\\app\\Views\\payroll\\index.php', 20)
 2 SYSTEMPATH\View\View.php(226): include('C:\\Users\\Richard Miculob\\Documents\\Payroll PMS\\app\\Views\\payroll\\index.php')
 3 SYSTEMPATH\View\View.php(229): CodeIgniter\View\View->CodeIgniter\View\{closure}()
 4 SYSTEMPATH\Common.php(1167): CodeIgniter\View\View->render('payroll/index', [], true)
 5 APPPATH\Controllers\Payroll.php(20): view('payroll/index', [...])
 6 SYSTEMPATH\CodeIgniter.php(933): App\Controllers\Payroll->index()
 7 SYSTEMPATH\CodeIgniter.php(507): CodeIgniter\CodeIgniter->runController(Object(App\Controllers\Payroll))
 8 SYSTEMPATH\CodeIgniter.php(354): CodeIgniter\CodeIgniter->handleRequest(null, Object(Config\Cache), false)
 9 SYSTEMPATH\Boot.php(363): CodeIgniter\CodeIgniter->run()
10 SYSTEMPATH\Boot.php(68): CodeIgniter\Boot::runCodeIgniter(Object(CodeIgniter\CodeIgniter))
11 FCPATH\index.php(59): CodeIgniter\Boot::bootWeb(Object(Config\Paths))
12 SYSTEMPATH\rewrite.php(44): require_once('C:\\Users\\Richard Miculob\\Documents\\Payroll PMS\\public\\index.php')
DEBUG - 2026-07-25 04:13:16 --> Session: Class initialized using 'CodeIgniter\Session\Handlers\FileHandler' driver.
CRITICAL - 2026-07-25 04:13:16 --> CodeIgniter\View\Exceptions\ViewException: Invalid file: "payslip/search.php"
[Method: GET, Route: payslip]
in SYSTEMPATH\Exceptions\FrameworkException.php on line 39.
 1 SYSTEMPATH\View\View.php(214): CodeIgniter\Exceptions\FrameworkException::forInvalidFile('payslip/search.php')
 2 SYSTEMPATH\Common.php(1167): CodeIgniter\View\View->render('payslip/search', [], true)
 3 APPPATH\Controllers\Payslip.php(12): view('payslip/search')
 4 SYSTEMPATH\CodeIgniter.php(933): App\Controllers\Payslip->index()
 5 SYSTEMPATH\CodeIgniter.php(507): CodeIgniter\CodeIgniter->runController(Object(App\Controllers\Payslip))
 6 SYSTEMPATH\CodeIgniter.php(354): CodeIgniter\CodeIgniter->handleRequest(null, Object(Config\Cache), false)
 7 SYSTEMPATH\Boot.php(363): CodeIgniter\CodeIgniter->run()
 8 SYSTEMPATH\Boot.php(68): CodeIgniter\Boot::runCodeIgniter(Object(CodeIgniter\CodeIgniter))
 9 FCPATH\index.php(59): CodeIgniter\Boot::bootWeb(Object(Config\Paths))
10 SYSTEMPATH\rewrite.php(44): require_once('C:\\Users\\Richard Miculob\\Documents\\Payroll PMS\\public\\index.php')
DEBUG - 2026-07-25 04:13:19 --> Session: Class initialized using 'CodeIgniter\Session\Handlers\FileHandler' driver.
DEBUG - 2026-07-25 04:13:21 --> Session: Class initialized using 'CodeIgniter\Session\Handlers\FileHandler' driver.
DEBUG - 2026-07-25 04:13:22 --> Session: Class initialized using 'CodeIgniter\Session\Handlers\FileHandler' driver.
DEBUG - 2026-07-25 10:10:45 --> Session: Class initialized using 'CodeIgniter\Session\Handlers\FileHandler' driver.
DEBUG - 2026-07-25 10:10:51 --> Session: Class initialized using 'CodeIgniter\Session\Handlers\FileHandler' driver.
DEBUG - 2026-07-25 10:10:51 --> Session: Class initialized using 'CodeIgniter\Session\Handlers\FileHandler' driver.
DEBUG - 2026-07-25 10:10:53 --> Session: Class initialized using 'CodeIgniter\Session\Handlers\FileHandler' driver.
DEBUG - 2026-07-25 10:10:56 --> Session: Class initialized using 'CodeIgniter\Session\Handlers\FileHandler' driver.
CRITICAL - 2026-07-25 10:10:56 --> ErrorException: Undefined variable $offices
[Method: GET, Route: payroll]
in APPPATH\Views\payroll\index.php on line 20.
 1 APPPATH\Views\payroll\index.php(20): CodeIgniter\Debug\Exceptions->errorHandler(2, 'Undefined variable $offices', 'C:\\Users\\Richard Miculob\\Documents\\Payroll PMS\\app\\Views\\payroll\\index.php', 20)
 2 SYSTEMPATH\View\View.php(226): include('C:\\Users\\Richard Miculob\\Documents\\Payroll PMS\\app\\Views\\payroll\\index.php')
 3 SYSTEMPATH\View\View.php(229): CodeIgniter\View\View->CodeIgniter\View\{closure}()
 4 SYSTEMPATH\Common.php(1167): CodeIgniter\View\View->render('payroll/index', [], true)
 5 APPPATH\Controllers\Payroll.php(20): view('payroll/index', [...])
 6 SYSTEMPATH\CodeIgniter.php(933): App\Controllers\Payroll->index()
 7 SYSTEMPATH\CodeIgniter.php(507): CodeIgniter\CodeIgniter->runController(Object(App\Controllers\Payroll))
 8 SYSTEMPATH\CodeIgniter.php(354): CodeIgniter\CodeIgniter->handleRequest(null, Object(Config\Cache), false)
 9 SYSTEMPATH\Boot.php(363): CodeIgniter\CodeIgniter->run()
10 SYSTEMPATH\Boot.php(68): CodeIgniter\Boot::runCodeIgniter(Object(CodeIgniter\CodeIgniter))
11 FCPATH\index.php(59): CodeIgniter\Boot::bootWeb(Object(Config\Paths))
12 SYSTEMPATH\rewrite.php(44): require_once('C:\\Users\\Richard Miculob\\Documents\\Payroll PMS\\public\\index.php')
DEBUG - 2026-07-25 10:13:24 --> Session: Class initialized using 'CodeIgniter\Session\Handlers\FileHandler' driver.
DEBUG - 2026-07-25 10:13:26 --> Session: Class initialized using 'CodeIgniter\Session\Handlers\FileHandler' driver.
CRITICAL - 2026-07-25 10:13:26 --> CodeIgniter\View\Exceptions\ViewException: Invalid file: "payslip/search.php"
[Method: GET, Route: payslip]
in SYSTEMPATH\Exceptions\FrameworkException.php on line 39.
 1 SYSTEMPATH\View\View.php(214): CodeIgniter\Exceptions\FrameworkException::forInvalidFile('payslip/search.php')
 2 SYSTEMPATH\Common.php(1167): CodeIgniter\View\View->render('payslip/search', [], true)
 3 APPPATH\Controllers\Payslip.php(12): view('payslip/search')
 4 SYSTEMPATH\CodeIgniter.php(933): App\Controllers\Payslip->index()
 5 SYSTEMPATH\CodeIgniter.php(507): CodeIgniter\CodeIgniter->runController(Object(App\Controllers\Payslip))
 6 SYSTEMPATH\CodeIgniter.php(354): CodeIgniter\CodeIgniter->handleRequest(null, Object(Config\Cache), false)
 7 SYSTEMPATH\Boot.php(363): CodeIgniter\CodeIgniter->run()
 8 SYSTEMPATH\Boot.php(68): CodeIgniter\Boot::runCodeIgniter(Object(CodeIgniter\CodeIgniter))
 9 FCPATH\index.php(59): CodeIgniter\Boot::bootWeb(Object(Config\Paths))
10 SYSTEMPATH\rewrite.php(44): require_once('C:\\Users\\Richard Miculob\\Documents\\Payroll PMS\\public\\index.php')
DEBUG - 2026-07-25 10:14:47 --> Session: Class initialized using 'CodeIgniter\Session\Handlers\FileHandler' driver.
CRITICAL - 2026-07-25 10:14:47 --> ErrorException: Undefined variable $offices
[Method: GET, Route: payslip]
in APPPATH\Views\payslip\search.php on line 17.
 1 APPPATH\Views\payslip\search.php(17): CodeIgniter\Debug\Exceptions->errorHandler(2, 'Undefined variable $offices', 'C:\\Users\\Richard Miculob\\Documents\\Payroll PMS\\app\\Views\\payslip\\search.php', 17)
 2 SYSTEMPATH\View\View.php(226): include('C:\\Users\\Richard Miculob\\Documents\\Payroll PMS\\app\\Views\\payslip\\search.php')
 3 SYSTEMPATH\View\View.php(229): CodeIgniter\View\View->CodeIgniter\View\{closure}()
 4 SYSTEMPATH\Common.php(1167): CodeIgniter\View\View->render('payslip/search', [], true)
 5 APPPATH\Controllers\Payslip.php(12): view('payslip/search')
 6 SYSTEMPATH\CodeIgniter.php(933): App\Controllers\Payslip->index()
 7 SYSTEMPATH\CodeIgniter.php(507): CodeIgniter\CodeIgniter->runController(Object(App\Controllers\Payslip))
 8 SYSTEMPATH\CodeIgniter.php(354): CodeIgniter\CodeIgniter->handleRequest(null, Object(Config\Cache), false)
 9 SYSTEMPATH\Boot.php(363): CodeIgniter\CodeIgniter->run()
10 SYSTEMPATH\Boot.php(68): CodeIgniter\Boot::runCodeIgniter(Object(CodeIgniter\CodeIgniter))
11 FCPATH\index.php(59): CodeIgniter\Boot::bootWeb(Object(Config\Paths))
12 SYSTEMPATH\rewrite.php(44): require_once('C:\\Users\\Richard Miculob\\Documents\\Payroll PMS\\public\\index.php')
DEBUG - 2026-07-25 10:15:39 --> Session: Class initialized using 'CodeIgniter\Session\Handlers\FileHandler' driver.
DEBUG - 2026-07-25 10:15:49 --> Session: Class initialized using 'CodeIgniter\Session\Handlers\FileHandler' driver.
ERROR - 2026-07-25 10:15:49 --> mysqli_sql_exception: Column 'employee_id' in where clause is ambiguous in C:\Users\Richard Miculob\Documents\Payroll PMS\system\Database\MySQLi\Connection.php:327
Stack trace:
#0 C:\Users\Richard Miculob\Documents\Payroll PMS\system\Database\MySQLi\Connection.php(327): mysqli->query('SELECT `payroll...', 0)
#1 C:\Users\Richard Miculob\Documents\Payroll PMS\system\Database\BaseConnection.php(729): CodeIgniter\Database\MySQLi\Connection->execute('SELECT `payroll...')
#2 C:\Users\Richard Miculob\Documents\Payroll PMS\system\Database\BaseConnection.php(646): CodeIgniter\Database\BaseConnection->simpleQuery('SELECT `payroll...')
#3 C:\Users\Richard Miculob\Documents\Payroll PMS\system\Database\BaseBuilder.php(1649): CodeIgniter\Database\BaseConnection->query('SELECT `payroll...', Array, false)
#4 C:\Users\Richard Miculob\Documents\Payroll PMS\system\Model.php(330): CodeIgniter\Database\BaseBuilder->get()
#5 C:\Users\Richard Miculob\Documents\Payroll PMS\system\BaseModel.php(715): CodeIgniter\Model->doFirst()
#6 C:\Users\Richard Miculob\Documents\Payroll PMS\app\Controllers\Payslip.php(24): CodeIgniter\BaseModel->first()
#7 C:\Users\Richard Miculob\Documents\Payroll PMS\system\CodeIgniter.php(933): App\Controllers\Payslip->preview('1')
#8 C:\Users\Richard Miculob\Documents\Payroll PMS\system\CodeIgniter.php(507): CodeIgniter\CodeIgniter->runController(Object(App\Controllers\Payslip))
#9 C:\Users\Richard Miculob\Documents\Payroll PMS\system\CodeIgniter.php(354): CodeIgniter\CodeIgniter->handleRequest(NULL, Object(Config\Cache), false)
#10 C:\Users\Richard Miculob\Documents\Payroll PMS\system\Boot.php(363): CodeIgniter\CodeIgniter->run()
#11 C:\Users\Richard Miculob\Documents\Payroll PMS\system\Boot.php(68): CodeIgniter\Boot::runCodeIgniter(Object(CodeIgniter\CodeIgniter))
#12 C:\Users\Richard Miculob\Documents\Payroll PMS\public\index.php(59): CodeIgniter\Boot::bootWeb(Object(Config\Paths))
#13 C:\Users\Richard Miculob\Documents\Payroll PMS\system\rewrite.php(44): require_once('C:\\Users\\Richar...')
#14 {main}
CRITICAL - 2026-07-25 10:15:49 --> CodeIgniter\Database\Exceptions\DatabaseException: Column 'employee_id' in where clause is ambiguous
[Method: GET, Route: payslip/preview/1]
in SYSTEMPATH\Database\BaseConnection.php on line 684.
 1 SYSTEMPATH\Database\BaseBuilder.php(1649): CodeIgniter\Database\BaseConnection->query('SELECT `payroll_records`.*, `employees`.`full_name`, `employees`.`position`
FROM `payroll_records`
JOIN `employees` ON `employees`.`id` = `payroll_records`.`employee_id`
WHERE `employee_id` = :employee_id:
ORDER BY `payroll_period` DESC
 LIMIT 1', [...], false)
 2 SYSTEMPATH\Model.php(330): CodeIgniter\Database\BaseBuilder->get()
 3 SYSTEMPATH\BaseModel.php(715): CodeIgniter\Model->doFirst()
 4 APPPATH\Controllers\Payslip.php(24): CodeIgniter\BaseModel->first()
 5 SYSTEMPATH\CodeIgniter.php(933): App\Controllers\Payslip->preview('1')
 6 SYSTEMPATH\CodeIgniter.php(507): CodeIgniter\CodeIgniter->runController(Object(App\Controllers\Payslip))
 7 SYSTEMPATH\CodeIgniter.php(354): CodeIgniter\CodeIgniter->handleRequest(null, Object(Config\Cache), false)
 8 SYSTEMPATH\Boot.php(363): CodeIgniter\CodeIgniter->run()
 9 SYSTEMPATH\Boot.php(68): CodeIgniter\Boot::runCodeIgniter(Object(CodeIgniter\CodeIgniter))
10 FCPATH\index.php(59): CodeIgniter\Boot::bootWeb(Object(Config\Paths))
11 SYSTEMPATH\rewrite.php(44): require_once('C:\\Users\\Richard Miculob\\Documents\\Payroll PMS\\public\\index.php')
CRITICAL - 2026-07-25 10:15:49 --> [Caused by] CodeIgniter\Database\Exceptions\DatabaseException: Column 'employee_id' in where clause is ambiguous
in SYSTEMPATH\Database\MySQLi\Connection.php on line 332.
 1 SYSTEMPATH\Database\BaseConnection.php(729): CodeIgniter\Database\MySQLi\Connection->execute('SELECT `payroll_records`.*, `employees`.`full_name`, `employees`.`position`
FROM `payroll_records`
JOIN `employees` ON `employees`.`id` = `payroll_records`.`employee_id`
WHERE `employee_id` = \'1\'
ORDER BY `payroll_period` DESC
 LIMIT 1')
 2 SYSTEMPATH\Database\BaseConnection.php(646): CodeIgniter\Database\BaseConnection->simpleQuery('SELECT `payroll_records`.*, `employees`.`full_name`, `employees`.`position`
FROM `payroll_records`
JOIN `employees` ON `employees`.`id` = `payroll_records`.`employee_id`
WHERE `employee_id` = \'1\'
ORDER BY `payroll_period` DESC
 LIMIT 1')
 3 SYSTEMPATH\Database\BaseBuilder.php(1649): CodeIgniter\Database\BaseConnection->query('SELECT `payroll_records`.*, `employees`.`full_name`, `employees`.`position`
FROM `payroll_records`
JOIN `employees` ON `employees`.`id` = `payroll_records`.`employee_id`
WHERE `employee_id` = :employee_id:
ORDER BY `payroll_period` DESC
 LIMIT 1', [...], false)
 4 SYSTEMPATH\Model.php(330): CodeIgniter\Database\BaseBuilder->get()
 5 SYSTEMPATH\BaseModel.php(715): CodeIgniter\Model->doFirst()
 6 APPPATH\Controllers\Payslip.php(24): CodeIgniter\BaseModel->first()
 7 SYSTEMPATH\CodeIgniter.php(933): App\Controllers\Payslip->preview('1')
 8 SYSTEMPATH\CodeIgniter.php(507): CodeIgniter\CodeIgniter->runController(Object(App\Controllers\Payslip))
 9 SYSTEMPATH\CodeIgniter.php(354): CodeIgniter\CodeIgniter->handleRequest(null, Object(Config\Cache), false)
10 SYSTEMPATH\Boot.php(363): CodeIgniter\CodeIgniter->run()
11 SYSTEMPATH\Boot.php(68): CodeIgniter\Boot::runCodeIgniter(Object(CodeIgniter\CodeIgniter))
12 FCPATH\index.php(59): CodeIgniter\Boot::bootWeb(Object(Config\Paths))
13 SYSTEMPATH\rewrite.php(44): require_once('C:\\Users\\Richard Miculob\\Documents\\Payroll PMS\\public\\index.php')
CRITICAL - 2026-07-25 10:15:49 --> [Caused by] mysqli_sql_exception: Column 'employee_id' in where clause is ambiguous
in SYSTEMPATH\Database\MySQLi\Connection.php on line 327.
 1 SYSTEMPATH\Database\MySQLi\Connection.php(327): mysqli->query('SELECT `payroll_records`.*, `employees`.`full_name`, `employees`.`position`
FROM `payroll_records`
JOIN `employees` ON `employees`.`id` = `payroll_records`.`employee_id`
WHERE `employee_id` = \'1\'
ORDER BY `payroll_period` DESC
 LIMIT 1', 0)
 2 SYSTEMPATH\Database\BaseConnection.php(729): CodeIgniter\Database\MySQLi\Connection->execute('SELECT `payroll_records`.*, `employees`.`full_name`, `employees`.`position`
FROM `payroll_records`
JOIN `employees` ON `employees`.`id` = `payroll_records`.`employee_id`
WHERE `employee_id` = \'1\'
ORDER BY `payroll_period` DESC
 LIMIT 1')
 3 SYSTEMPATH\Database\BaseConnection.php(646): CodeIgniter\Database\BaseConnection->simpleQuery('SELECT `payroll_records`.*, `employees`.`full_name`, `employees`.`position`
FROM `payroll_records`
JOIN `employees` ON `employees`.`id` = `payroll_records`.`employee_id`
WHERE `employee_id` = \'1\'
ORDER BY `payroll_period` DESC
 LIMIT 1')
 4 SYSTEMPATH\Database\BaseBuilder.php(1649): CodeIgniter\Database\BaseConnection->query('SELECT `payroll_records`.*, `employees`.`full_name`, `employees`.`position`
FROM `payroll_records`
JOIN `employees` ON `employees`.`id` = `payroll_records`.`employee_id`
WHERE `employee_id` = :employee_id:
ORDER BY `payroll_period` DESC
 LIMIT 1', [...], false)
 5 SYSTEMPATH\Model.php(330): CodeIgniter\Database\BaseBuilder->get()
 6 SYSTEMPATH\BaseModel.php(715): CodeIgniter\Model->doFirst()
 7 APPPATH\Controllers\Payslip.php(24): CodeIgniter\BaseModel->first()
 8 SYSTEMPATH\CodeIgniter.php(933): App\Controllers\Payslip->preview('1')
 9 SYSTEMPATH\CodeIgniter.php(507): CodeIgniter\CodeIgniter->runController(Object(App\Controllers\Payslip))
10 SYSTEMPATH\CodeIgniter.php(354): CodeIgniter\CodeIgniter->handleRequest(null, Object(Config\Cache), false)
11 SYSTEMPATH\Boot.php(363): CodeIgniter\CodeIgniter->run()
12 SYSTEMPATH\Boot.php(68): CodeIgniter\Boot::runCodeIgniter(Object(CodeIgniter\CodeIgniter))
13 FCPATH\index.php(59): CodeIgniter\Boot::bootWeb(Object(Config\Paths))
14 SYSTEMPATH\rewrite.php(44): require_once('C:\\Users\\Richard Miculob\\Documents\\Payroll PMS\\public\\index.php')
DEBUG - 2026-07-25 10:15:51 --> Session: Class initialized using 'CodeIgniter\Session\Handlers\FileHandler' driver.
DEBUG - 2026-07-25 10:15:52 --> Session: Class initialized using 'CodeIgniter\Session\Handlers\FileHandler' driver.
DEBUG - 2026-07-25 10:15:54 --> Session: Class initialized using 'CodeIgniter\Session\Handlers\FileHandler' driver.
DEBUG - 2026-07-25 10:15:55 --> Session: Class initialized using 'CodeIgniter\Session\Handlers\FileHandler' driver.
